Subcommands of cmd1

Usage: argsh cmd1 <command> [args]

Available Commands:
  subcmd1                  Description of subcmd1
  subcmd2                  Description of subcmd2

Options:
   -v, --verbose ...
           Description of arg2
   -f, --config string
           Description of flag
   -h, --help 
           Show this help message

Use "argsh cmd1 <command> --help" for more information about a command.
